
> my-project@0.1.0 build
> next build

Γû▓ Next.js 16.1.6 (Turbopack)

  Creating an optimized production build ...
Γ£ô Compiled successfully in 24.7s
  Skipping validation of types
  Collecting page data using 3 workers ...
  Generating static pages using 3 workers (0/17) ...
  Generating static pages using 3 workers (4/17) 
  Generating static pages using 3 workers (8/17) 
  Generating static pages using 3 workers (12/17) 
Γ£ô Generating static pages using 3 workers (17/17) in 930.5ms
  Finalizing page optimization ...

Route (app)
Γöî Γùï /
Γö£ Γùï /_not-found
Γö£ Γùï /about
Γö£ Γùï /about/leadership
Γö£ Γùï /about/partners
Γö£ Γùï /about/story
Γö£ ╞Æ /api/apply
Γö£ ╞Æ /api/contact
Γö£ Γùï /app
Γö£ Γùï /careers
Γö£ Γùï /contact
Γö£ Γùï /esg
Γö£ Γùï /global
Γö£ ╞Æ /offers/[slug]
Γö£ Γùï /projects
Γö£ Γùï /projects/case studies
Γö£ Γùï /services
Γöö ╞Æ /services/[slug]


Γùï  (Static)   prerendered as static content
╞Æ  (Dynamic)  server-rendered on demand

